---
source: crates/fai-ide/tests/queries.rs
expression: json(&r)
---
{
  "schemaVersion": 1,
  "target": {
    "path": "A.twice",
    "name": "twice",
    "kind": "function",
    "module": "A",
    "visibility": "public",
    "signature": "('a -> 'a) -> 'a -> 'a",
    "span": {
      "file": "A.fai",
      "start": {
        "line": 7,
        "column": 1
      },
      "end": {
        "line": 7,
        "column": 21
      },
      "byteStart": 91,
      "byteEnd": 111
    }
  },
  "type": {
    "display": "('a -> 'a) -> 'a -> 'a"
  }
}
