---
source: crates/fai-syntax/src/parser.rs
expression: "dump(\"module Math\\npublic abs : Int -> Int\\nlet abs n =\\n  if n < 0 then 0 - n else n\\nexample: abs (-3) = 3\\nforall n: abs n >= 0\")"
---
module Math
(sig Public abs (arrow (tcon Int) (tcon Int)))
(let Private abs [(pvar n)] (block [] (if (Lt (var n) (int 0)) (Sub (int 0) (var n)) (var n))))
(example (Eq (app (var abs) (paren (Neg (int 3)))) (int 3)))
(forall [n] (Ge (app (var abs) (var n)) (int 0)))
